20.171.207.17 - - [17/Apr/2023:05:10:56 +0100] "GET /music/ HTTP/2.0" 200 10353 "-" "Mozilla/5.0 AppleWebKit/537.36 (KHTML, like Gecko; compatible; GPTBot/1.2; +https://openai.com/gptbot)"
20.171.207.17 - - [17/Apr/2023:05:13:27 +0100] "GET /wp-content/themes/simple-grid/assets/js/theia-sticky-sidebar.min.js HTTP/2.0" 200 1737 "-" "Mozilla/5.0 AppleWebKit/537.36 (KHTML, like Gecko; compatible; GPTBot/1.2; +https://openai.com/gptbot)"
84.203.1.217 - - [17/Apr/2023:05:13:48 +0100] "POST /wp-cron.php?doing_wp_cron=1744863228.0052878856658935546875 HTTP/1.1" 200 0 "-" "WordPress/6.8; https://website.local.lan"
84.203.1.217 - - [17/Apr/2023:05:14:02 +0100] "GET /blog/ HTTP/1.1" 200 35283 "-" "Mozilla/5.0 (Windows NT 10.0; Win64; x64) AppleWebKit/537.36 (KHTML, like Gecko) Chrome/121.0.0.0 Safari/537.36"
40.77.167.115 - - [17/Apr/2023:05:14:10 +0100] "GET /sitemap.xml HTTP/1.1" 200 14313 "-" "Mozilla/5.0 (compatible; bingbot/2.0; +http://www.bing.com/bingbot.htm)"
146.70.160.58 - - [17/Apr/2023:05:14:18 +0100] "GET / HTTP/2.0" 200 15231 "-" "Mozilla/5.0 (Windows NT 10.0; Win64; x64) AppleWebKit/537.36 (KHTML, like Gecko) Chrome/122.0.0.0 Safari/537.36"
20.171.207.17 - - [17/Apr/2023:05:14:23 +0100] "GET /wp-content/themes/simple-grid/style.css HTTP/2.0" 200 23716 "-" "Mozilla/5.0 AppleWebKit/537.36 (KHTML, like Gecko; compatible; GPTBot/1.2; +https://openai.com/gptbot)"
40.77.167.115 - - [17/Apr/2023:05:14:35 +0100] "GET /robots.txt HTTP/1.1" 200 318 "-" "Mozilla/5.0 (compatible; bingbot/2.0; +http://www.bing.com/bingbot.htm)"
146.70.160.58 - - [17/Apr/2023:05:14:47 +0100] "GET /about HTTP/2.0" 200 12754 "https://website.local.lan/" "Mozilla/5.0 (Windows NT 10.0; Win64; x64) AppleWebKit/537.36 (KHTML, like Gecko) Chrome/122.0.0.0 Safari/537.36"
84.203.1.217 - - [17/Apr/2023:05:15:05 +0100] "GET /blog/post-1 HTTP/1.1" 200 18954 "https://website.local.lan/blog/" "Mozilla/5.0 (Windows NT 10.0; Win64; x64) AppleWebKit/537.36 (KHTML, like Gecko) Chrome/121.0.0.0 Safari/537.36"
146.70.160.58 - - [17/Apr/2023:05:15:22 +0100] "GET /contact HTTP/2.0" 200 9875 "https://website.local.lan/about" "Mozilla/5.0 (Windows NT 10.0; Win64; x64) AppleWebKit/537.36 (KHTML, like Gecko) Chrome/122.0.0.0 Safari/537.36"
84.203.1.217 - - [17/Apr/2023:05:15:38 +0100] "GET /blog/post-2 HTTP/1.1" 200 20145 "https://website.local.lan/blog/post-1" "Mozilla/5.0 (Windows NT 10.0; Win64; x64) AppleWebKit/537.36 (KHTML, like Gecko) Chrome/121.0.0.0 Safari/537.36"
66.249.66.41 - - [17/Apr/2023:05:15:54 +0100] "GET / HTTP/1.1" 200 15231 "-" "Mozilla/5.0 (compatible; Googlebot/2.1; +http://www.google.com/bot.html)"
54.36.148.174 - - [17/Apr/2023:05:16:15 +0100] "GET / HTTP/1.1" 200 15231 "-" "Mozilla/5.0 (Linux; Android 7.0; SM-G892A) AppleWebKit/537.36 (KHTML, like Gecko) Chrome/119.0.6045.163 Mobile Safari/537.36"
54.36.148.174 - - [17/Apr/2023:05:16:42 +0100] "GET /products HTTP/1.1" 200 27456 "https://website.local.lan/" "Mozilla/5.0 (Linux; Android 7.0; SM-G892A) AppleWebKit/537.36 (KHTML, like Gecko) Chrome/119.0.6045.163 Mobile Safari/537.36"
66.249.66.41 - - [17/Apr/2023:05:17:05 +0100] "GET /sitemap.xml HTTP/1.1" 200 14313 "-" "Mozilla/5.0 (compatible; Googlebot/2.1; +http://www.google.com/bot.html)"
40.77.167.115 - - [17/Apr/2023:05:17:32 +0100] "GET /about HTTP/1.1" 200 12754 "-" "Mozilla/5.0 (compatible; bingbot/2.0; +http://www.bing.com/bingbot.htm)"
146.70.160.58 - - [18/Apr/2023:08:10:17 +0100] "GET / HTTP/2.0" 200 15231 "-" "Mozilla/5.0 (Windows NT 10.0; Win64; x64) AppleWebKit/537.36 (KHTML, like Gecko) Chrome/122.0.0.0 Safari/537.36"
84.203.1.217 - - [18/Apr/2023:08:12:33 +0100] "GET /blog/ HTTP/1.1" 200 35283 "-" "Mozilla/5.0 (Windows NT 10.0; Win64; x64) AppleWebKit/537.36 (KHTML, like Gecko) Chrome/121.0.0.0 Safari/537.36"
66.249.66.41 - - [18/Apr/2023:08:15:41 +0100] "GET /blog/post-1 HTTP/1.1" 200 18954 "-" "Mozilla/5.0 (compatible; Googlebot/2.1; +http://www.google.com/bot.html)"
54.36.148.174 - - [18/Apr/2023:08:18:22 +0100] "GET /products HTTP/1.1" 200 27456 "-" "Mozilla/5.0 (Linux; Android 7.0; SM-G892A) AppleWebKit/537.36 (KHTML, like Gecko) Chrome/119.0.6045.163 Mobile Safari/537.36"
146.70.160.58 - - [18/Apr/2023:08:22:05 +0100] "GET /about HTTP/2.0" 200 12754 "https://website.local.lan/" "Mozilla/5.0 (Windows NT 10.0; Win64; x64) AppleWebKit/537.36 (KHTML, like Gecko) Chrome/122.0.0.0 Safari/537.36"
146.70.160.58 - - [18/Apr/2023:08:25:39 +0100] "GET /contact HTTP/2.0" 200 9875 "https://website.local.lan/about" "Mozilla/5.0 (Windows NT 10.0; Win64; x64) AppleWebKit/537.36 (KHTML, like Gecko) Chrome/122.0.0.0 Safari/537.36"
40.77.167.115 - - [18/Apr/2023:08:28:14 +0100] "GET /products HTTP/1.1" 200 27456 "-" "Mozilla/5.0 (compatible; bingbot/2.0; +http://www.bing.com/bingbot.htm)"
146.70.160.58 - - [19/Apr/2023:12:05:22 +0100] "GET / HTTP/2.0" 200 15231 "-" "Mozilla/5.0 (Windows NT 10.0; Win64; x64) AppleWebKit/537.36 (KHTML, like Gecko) Chrome/122.0.0.0 Safari/537.36"
84.203.1.217 - - [19/Apr/2023:12:08:47 +0100] "GET /blog/ HTTP/1.1" 200 35283 "-" "Mozilla/5.0 (Windows NT 10.0; Win64; x64) AppleWebKit/537.36 (KHTML, like Gecko) Chrome/121.0.0.0 Safari/537.36"
54.36.148.174 - - [19/Apr/2023:12:12:33 +0100] "GET / HTTP/1.1" 200 15231 "-" "Mozilla/5.0 (Linux; Android 7.0; SM-G892A) AppleWebKit/537.36 (KHTML, like Gecko) Chrome/119.0.6045.163 Mobile Safari/537.36"
54.36.148.174 - - [19/Apr/2023:12:15:56 +0100] "GET /products HTTP/1.1" 200 27456 "https://website.local.lan/" "Mozilla/5.0 (Linux; Android 7.0; SM-G892A) AppleWebKit/537.36 (KHTML, like Gecko) Chrome/119.0.6045.163 Mobile Safari/537.36"
40.77.167.115 - - [19/Apr/2023:12:18:24 +0100] "GET /contact HTTP/1.1" 200 9875 "-" "Mozilla/5.0 (compatible; bingbot/2.0; +http://www.bing.com/bingbot.htm)"
66.249.66.41 - - [19/Apr/2023:12:21:09 +0100] "GET /about HTTP/1.1" 200 12754 "-" "Mozilla/5.0 (compatible; Googlebot/2.1; +http://www.google.com/bot.html)"
146.70.160.58 - - [19/Apr/2023:12:24:37 +0100] "GET /blog/ HTTP/2.0" 200 35283 "https://website.local.lan/" "Mozilla/5.0 (Windows NT 10.0; Win64; x64) AppleWebKit/537.36 (KHTML, like Gecko) Chrome/122.0.0.0 Safari/537.36"
84.203.1.217 - - [19/Apr/2023:12:27:51 +0100] "GET /blog/post-3 HTTP/1.1" 404 1654 "https://website.local.lan/blog/" "Mozilla/5.0 (Windows NT 10.0; Win64; x64) AppleWebKit/537.36 (KHTML, like Gecko) Chrome/121.0.0.0 Safari/537.36"
146.70.160.58 - - [19/Apr/2023:12:30:22 +0100] "GET /blog/post-1 HTTP/2.0" 200 18954 "https://website.local.lan/blog/" "Mozilla/5.0 (Windows NT 10.0; Win64; x64) AppleWebKit/537.36 (KHTML, like Gecko) Chrome/122.0.0.0 Safari/537.36" 